 Describing process with id 1 - name aerophone-payments 
┌───────────────────┬───────────────────────────────────────────────────────┐
│ status            │ online                                                │
│ name              │ aerophone-payments                                    │
│ namespace         │ default                                               │
│ version           │ 1.0.0                                                 │
│ restarts          │ 25                                                    │
│ uptime            │ 6m                                                    │
│ script path       │ /home/pavkraft/aerophone-payments/index.js            │
│ script args       │ N/A                                                   │
│ error log path    │ /home/pavkraft/.pm2/logs/aerophone-payments-error.log │
│ out log path      │ /home/pavkraft/.pm2/logs/aerophone-payments-out.log   │
│ pid path          │ /home/pavkraft/.pm2/pids/aerophone-payments-1.pid     │
│ interpreter       │ node                                                  │
│ interpreter args  │ N/A                                                   │
│ script id         │ 1                                                     │
│ exec cwd          │ /home/pavkraft/aerophone-payments                     │
│ exec mode         │ fork_mode                                             │
│ node.js version   │ 22.22.2                                               │
│ node env          │ N/A                                                   │
│ watch & reload    │ ✘                                                     │
│ unstable restarts │ 0                                                     │
│ created at        │ 2026-06-24T06:47:40.427Z                              │
└───────────────────┴───────────────────────────────────────────────────────┘
 Actions available 
┌────────────────────────┐
│ km:heapdump            │
│ km:cpu:profiling:start │
│ km:cpu:profiling:stop  │
│ km:heap:sampling:start │
│ km:heap:sampling:stop  │
└────────────────────────┘
 Trigger via: pm2 trigger aerophone-payments <action_name>

 Code metrics value 
┌────────────────────────┬──────────────┐
│ Heap Size              │ 11.12 MiB    │
│ Heap Usage             │ 86.46 %      │
│ Used Heap Size         │ 9.62 MiB     │
│ Active requests        │ 0            │
│ Active handles         │ 4            │
│ Event Loop Latency     │ 0.59 ms      │
│ Event Loop Latency p95 │ 1.61 ms      │
│ HTTP                   │ 0.01 req/min │
│ HTTP Mean Latency      │ 9.5 ms       │
│ HTTP P95 Latency       │ 1338 ms      │
└────────────────────────┴──────────────┘
 Divergent env variables from local env 
┌───────┬───────────────────────────────────┐
│ PWD   │ /home/pavkraft/aerophone-payments │
│ SHLVL │ 1                                 │
└───────┴───────────────────────────────────┘

 Add your own code metrics: http://bit.ly/code-metrics
 Use `pm2 logs aerophone-payments [--lines 1000]` to display logs
 Use `pm2 env 1` to display environment variables
 Use `pm2 monit` to monitor CPU and Memory usage aerophone-payments
