[SUCCESS] link: https://t.me/$Zt_OOsUV4El3FgAAGZeISHtl4HE
Aerophone payment server on :3000
Webhook: установлен Webhook is already set
[MSG] ⭐ Баланс from 518789001
[MSG] ↩️ Возврат звезд from 518789001
[MSG] 👤 Аккаунт ID from 518789001
[REQUEST] {"purchaseId":"activate_5fe427e07aa932b9edc3468e8b7dbecf040b16d54e16af220d3554bfcb103565_1","title":"VPN — 1 месяц","description":"Подписка на VPN на 1 месяц","starsAmount":99}
[TG_SEND] {"title":"VPN — 1 месяц","description":"Подписка на VPN на 1 месяц","payload":"activate_5fe427e07aa932b9edc3468e8b7dbecf040b16d54e16af220d3554bfcb103565_1","currency":"XTR","prices":[{"label":"VPN — 1 месяц","amount":99}]}
[TG_RESULT] {"ok":true,"result":"https://t.me/$dttDgMUV4EmFFgAAO2ydRkEyyd8"}
[SUCCESS] link: https://t.me/$dttDgMUV4EmFFgAAO2ydRkEyyd8
[REQUEST] {"purchaseId":"activate_5fe427e07aa932b9edc3468e8b7dbecf040b16d54e16af220d3554bfcb103565_1","title":"VPN — 1 месяц","description":"Подписка на VPN на 1 месяц","starsAmount":99}
[TG_SEND] {"title":"VPN — 1 месяц","description":"Подписка на VPN на 1 месяц","payload":"activate_5fe427e07aa932b9edc3468e8b7dbecf040b16d54e16af220d3554bfcb103565_1","currency":"XTR","prices":[{"label":"VPN — 1 месяц","amount":99}]}
[TG_RESULT] {"ok":true,"result":"https://t.me/$TTAxtcUV4EmGFgAAyPoIIn7aPRo"}
[SUCCESS] link: https://t.me/$TTAxtcUV4EmGFgAAyPoIIn7aPRo
Платёж подтверждён: activate_5fe427e07aa932b9edc3468e8b7dbecf040b16d54e16af220d3554bfcb103565_1
[MSG] ⭐ Баланс from 518789001
Aerophone payment server on :3000
Webhook: установлен Webhook is already set
[REQUEST] {}
[ERROR] Missing required fields
